// Jest Snapshot v1, https://goo.gl/fbAQLP

exports[`App Component matches snapshot 1`] = `
<AppContainer>
  <Provider
    store={
      Object {
        "dispatch": [Function],
        "getState": [Function],
        "replaceReducer": [Function],
        "subscribe": [Function],
      }
    }
  >
    <ConnectedRouter
      history={
        Object {
          "action": "POP",
          "block": [Function],
          "createHref": [Function],
          "go": [Function],
          "goBack": [Function],
          "goForward": [Function],
          "length": 1,
          "listen": [Function],
          "location": Object {
            "hash": "",
            "pathname": "/",
            "search": "",
            "state": undefined,
          },
          "push": [Function],
          "replace": [Function],
        }
      }
    >
      <Switch>
        <Route
          component={[Function]}
          exact={true}
          path="/"
        />
        <Route
          component={[Function]}
        />
      </Switch>
    </ConnectedRouter>
  </Provider>
</AppContainer>
`;
